Archive member included because of file (symbol)

c:/winavr-20100110/bin/../lib/gcc/avr/4.3.3/avr5\libgcc.a(_mulsi3.o)
                              ./FreeRTOS/Src/integer.o (__mulsi3)
c:/winavr-20100110/bin/../lib/gcc/avr/4.3.3/avr5\libgcc.a(_udivmodsi4.o)
                              ./Drivers/src/TWI.o (__udivmodsi4)
c:/winavr-20100110/bin/../lib/gcc/avr/4.3.3/avr5\libgcc.a(_divmodsi4.o)
                              ./FreeRTOS/Src/integer.o (__divmodsi4)
c:/winavr-20100110/bin/../lib/gcc/avr/4.3.3/avr5\libgcc.a(_exit.o)
                              c:/winavr-20100110/bin/../lib/gcc/avr/4.3.3/../../../../avr/lib/avr5/crtm32.o (exit)
c:/winavr-20100110/bin/../lib/gcc/avr/4.3.3/avr5\libgcc.a(_copy_data.o)
                              ./FreeRTOS/Src/PollQ.o (__do_copy_data)
c:/winavr-20100110/bin/../lib/gcc/avr/4.3.3/avr5\libgcc.a(_clear_bss.o)
                              ./FreeRTOS/Src/PollQ.o (__do_clear_bss)
c:/winavr-20100110/bin/../lib/gcc/avr/4.3.3/avr5\libgcc.a(_fixunssfsi.o)
                              ./Drivers/src/timer.o (__fixunssfsi)
c:/winavr-20100110/bin/../lib/gcc/avr/4.3.3/avr5\libgcc.a(_addsub_sf.o)
                              c:/winavr-20100110/bin/../lib/gcc/avr/4.3.3/avr5\libgcc.a(_fixunssfsi.o) (__subsf3)
c:/winavr-20100110/bin/../lib/gcc/avr/4.3.3/avr5\libgcc.a(_mul_sf.o)
                              ./Drivers/src/timer.o (__mulsf3)
c:/winavr-20100110/bin/../lib/gcc/avr/4.3.3/avr5\libgcc.a(_div_sf.o)
                              ./Drivers/src/timer.o (__divsf3)
c:/winavr-20100110/bin/../lib/gcc/avr/4.3.3/avr5\libgcc.a(_ge_sf.o)
                              ./Drivers/src/timer.o (__gesf2)
c:/winavr-20100110/bin/../lib/gcc/avr/4.3.3/avr5\libgcc.a(_le_sf.o)
                              ./Drivers/src/timer.o (__lesf2)
c:/winavr-20100110/bin/../lib/gcc/avr/4.3.3/avr5\libgcc.a(_si_to_sf.o)
                              ./Drivers/src/timer.o (__floatsisf)
c:/winavr-20100110/bin/../lib/gcc/avr/4.3.3/avr5\libgcc.a(_sf_to_si.o)
                              c:/winavr-20100110/bin/../lib/gcc/avr/4.3.3/avr5\libgcc.a(_fixunssfsi.o) (__fixsfsi)
c:/winavr-20100110/bin/../lib/gcc/avr/4.3.3/avr5\libgcc.a(_thenan_sf.o)
                              c:/winavr-20100110/bin/../lib/gcc/avr/4.3.3/avr5\libgcc.a(_addsub_sf.o) (__thenan_sf)
c:/winavr-20100110/bin/../lib/gcc/avr/4.3.3/avr5\libgcc.a(_prologue.o)
                              c:/winavr-20100110/bin/../lib/gcc/avr/4.3.3/avr5\libgcc.a(_addsub_sf.o) (__prologue_saves__)
c:/winavr-20100110/bin/../lib/gcc/avr/4.3.3/avr5\libgcc.a(_epilogue.o)
                              c:/winavr-20100110/bin/../lib/gcc/avr/4.3.3/avr5\libgcc.a(_addsub_sf.o) (__epilogue_restores__)
c:/winavr-20100110/bin/../lib/gcc/avr/4.3.3/avr5\libgcc.a(_clzsi2.o)
                              c:/winavr-20100110/bin/../lib/gcc/avr/4.3.3/avr5\libgcc.a(_si_to_sf.o) (__clzsi2)
c:/winavr-20100110/bin/../lib/gcc/avr/4.3.3/avr5\libgcc.a(_pack_sf.o)
                              c:/winavr-20100110/bin/../lib/gcc/avr/4.3.3/avr5\libgcc.a(_addsub_sf.o) (__pack_f)
c:/winavr-20100110/bin/../lib/gcc/avr/4.3.3/avr5\libgcc.a(_unpack_sf.o)
                              c:/winavr-20100110/bin/../lib/gcc/avr/4.3.3/avr5\libgcc.a(_addsub_sf.o) (__unpack_f)
c:/winavr-20100110/bin/../lib/gcc/avr/4.3.3/avr5\libgcc.a(_fpcmp_parts_sf.o)
                              c:/winavr-20100110/bin/../lib/gcc/avr/4.3.3/avr5\libgcc.a(_ge_sf.o) (__fpcmp_parts_f)
c:/winavr-20100110/bin/../lib/gcc/avr/4.3.3/avr5\libgcc.a(_clz.o)
                              c:/winavr-20100110/bin/../lib/gcc/avr/4.3.3/avr5\libgcc.a(_clzsi2.o) (__clz_tab)
c:/winavr-20100110/bin/../lib/gcc/avr/4.3.3/../../../../avr/lib/avr5\libc.a(memcpy.o)
                              ./FreeRTOS/Src/queue.o (memcpy)
c:/winavr-20100110/bin/../lib/gcc/avr/4.3.3/../../../../avr/lib/avr5\libc.a(strcmp.o)
                              ./main.o (strcmp)
c:/winavr-20100110/bin/../lib/gcc/avr/4.3.3/../../../../avr/lib/avr5\libc.a(strcpy.o)
                              ./main.o (strcpy)
c:/winavr-20100110/bin/../lib/gcc/avr/4.3.3/../../../../avr/lib/avr5\libc.a(itoa.o)
                              ./Drivers/src/LCD.o (itoa)
c:/winavr-20100110/bin/../lib/gcc/avr/4.3.3/../../../../avr/lib/avr5\libc.a(strrev.o)
                              c:/winavr-20100110/bin/../lib/gcc/avr/4.3.3/../../../../avr/lib/avr5\libc.a(itoa.o) (strrev)
c:/winavr-20100110/bin/../lib/gcc/avr/4.3.3/avr5\libgcc.a(_udivmodhi4.o)
                              c:/winavr-20100110/bin/../lib/gcc/avr/4.3.3/../../../../avr/lib/avr5\libc.a(itoa.o) (__udivmodhi4)

Allocating common symbols
Common symbol       size              file

callbacks           0x6               ./Drivers/src/Ext_int.o
notifier            0x2               ./Drivers/src/timer.o

Memory Configuration

Name             Origin             Length             Attributes
text             0x00000000         0x00020000         xr
data             0x00800060         0x0000ffa0         rw !x
eeprom           0x00810000         0x00010000         rw !x
fuse             0x00820000         0x00000400         rw !x
lock             0x00830000         0x00000400         rw !x
signature        0x00840000         0x00000400         rw !x
*default*        0x00000000         0xffffffff

Linker script and memory map

LOAD c:/winavr-20100110/bin/../lib/gcc/avr/4.3.3/../../../../avr/lib/avr5/crtm32.o
LOAD ./FreeRTOS/Src/PollQ.o
LOAD ./FreeRTOS/Src/croutine.o
LOAD ./FreeRTOS/Src/event_groups.o
LOAD ./FreeRTOS/Src/heap_1.o
LOAD ./FreeRTOS/Src/integer.o
LOAD ./FreeRTOS/Src/list.o
LOAD ./FreeRTOS/Src/port.o
LOAD ./FreeRTOS/Src/queue.o
LOAD ./FreeRTOS/Src/tasks.o
LOAD ./Drivers/src/ADC.o
LOAD ./Drivers/src/BasicIO.o
LOAD ./Drivers/src/Ext_int.o
LOAD ./Drivers/src/LCD.o
LOAD ./Drivers/src/SPI.o
LOAD ./Drivers/src/TWI.o
LOAD ./Drivers/src/keypad.o
LOAD ./Drivers/src/motor.o
LOAD ./Drivers/src/seg.o
LOAD ./Drivers/src/timer.o
LOAD ./Drivers/src/uart.o
LOAD ./main.o
LOAD c:/winavr-20100110/bin/../lib/gcc/avr/4.3.3/avr5\libgcc.a
LOAD c:/winavr-20100110/bin/../lib/gcc/avr/4.3.3/../../../../avr/lib/avr5\libc.a
LOAD c:/winavr-20100110/bin/../lib/gcc/avr/4.3.3/avr5\libgcc.a

.hash
 *(.hash)

.dynsym
 *(.dynsym)

.dynstr
 *(.dynstr)

.gnu.version
 *(.gnu.version)

.gnu.version_d
 *(.gnu.version_d)

.gnu.version_r
 *(.gnu.version_r)

.rel.init
 *(.rel.init)

.rela.init
 *(.rela.init)

.rel.text
 *(.rel.text)
 *(.rel.text.*)
 *(.rel.gnu.linkonce.t*)

.rela.text
 *(.rela.text)
 *(.rela.text.*)
 *(.rela.gnu.linkonce.t*)

.rel.fini
 *(.rel.fini)

.rela.fini
 *(.rela.fini)

.rel.rodata
 *(.rel.rodata)
 *(.rel.rodata.*)
 *(.rel.gnu.linkonce.r*)

.rela.rodata
 *(.rela.rodata)
 *(.rela.rodata.*)
 *(.rela.gnu.linkonce.r*)

.rel.data
 *(.rel.data)
 *(.rel.data.*)
 *(.rel.gnu.linkonce.d*)

.rela.data
 *(.rela.data)
 *(.rela.data.*)
 *(.rela.gnu.linkonce.d*)

.rel.ctors
 *(.rel.ctors)

.rela.ctors
 *(.rela.ctors)

.rel.dtors
 *(.rel.dtors)

.rela.dtors
 *(.rela.dtors)

.rel.got
 *(.rel.got)

.rela.got
 *(.rela.got)

.rel.bss
 *(.rel.bss)

.rela.bss
 *(.rela.bss)

.rel.plt
 *(.rel.plt)

.rela.plt
 *(.rela.plt)

.text           0x00000000     0x4504
 *(.vectors)
 .vectors       0x00000000       0x54 c:/winavr-20100110/bin/../lib/gcc/avr/4.3.3/../../../../avr/lib/avr5/crtm32.o
                0x00000000                __vectors
                0x00000000                __vector_default
 *(.vectors)
 *(.progmem.gcc*)
 *(.progmem*)
                0x00000054                . = ALIGN (0x2)
                0x00000054                __trampolines_start = .
 *(.trampolines)
 .trampolines   0x00000054        0x0 linker stubs
 *(.trampolines*)
                0x00000054                __trampolines_end = .
 *(.jumptables)
 *(.jumptables*)
 *(.lowtext)
 *(.lowtext*)
                0x00000054                __ctors_start = .
 *(.ctors)
                0x00000054                __ctors_end = .
                0x00000054                __dtors_start = .
 *(.dtors)
                0x00000054                __dtors_end = .
 SORT(*)(.ctors)
 SORT(*)(.dtors)
 *(.init0)
 .init0         0x00000054        0x0 c:/winavr-20100110/bin/../lib/gcc/avr/4.3.3/../../../../avr/lib/avr5/crtm32.o
                0x00000054                __init
 *(.init0)
 *(.init1)
 *(.init1)
 *(.init2)
 .init2         0x00000054        0xc c:/winavr-20100110/bin/../lib/gcc/avr/4.3.3/../../../../avr/lib/avr5/crtm32.o
 *(.init2)
 *(.init3)
 *(.init3)
 *(.init4)
 .init4         0x00000060       0x16 c:/winavr-20100110/bin/../lib/gcc/avr/4.3.3/avr5\libgcc.a(_copy_data.o)
                0x00000060                __do_copy_data
 .init4         0x00000076       0x10 c:/winavr-20100110/bin/../lib/gcc/avr/4.3.3/avr5\libgcc.a(_clear_bss.o)
                0x00000076                __do_clear_bss
 *(.init4)
 *(.init5)
 *(.init5)
 *(.init6)
 *(.init6)
 *(.init7)
 *(.init7)
 *(.init8)
 *(.init8)
 *(.init9)
 .init9         0x00000086        0x8 c:/winavr-20100110/bin/../lib/gcc/avr/4.3.3/../../../../avr/lib/avr5/crtm32.o
 *(.init9)
 *(.text)
 .text          0x0000008e        0x4 c:/winavr-20100110/bin/../lib/gcc/avr/4.3.3/../../../../avr/lib/avr5/crtm32.o
                0x0000008e                __vector_12
                0x0000008e                __bad_interrupt
                0x0000008e                __vector_6
                0x0000008e                __vector_17
                0x0000008e                __vector_19
                0x0000008e                __vector_5
                0x0000008e                __vector_4
                0x0000008e                __vector_9
                0x0000008e                __vector_15
                0x0000008e                __vector_8
                0x0000008e                __vector_14
                0x0000008e                __vector_10
                0x0000008e                __vector_16
                0x0000008e                __vector_18
                0x0000008e                __vector_20
 .text          0x00000092        0x0 ./FreeRTOS/Src/PollQ.o
 .text          0x00000092        0x0 ./FreeRTOS/Src/croutine.o
 .text          0x00000092        0x0 ./FreeRTOS/Src/event_groups.o
 .text          0x00000092        0x0 ./FreeRTOS/Src/heap_1.o
 .text          0x00000092        0x0 ./FreeRTOS/Src/integer.o
 .text          0x00000092        0x0 ./FreeRTOS/Src/list.o
 .text          0x00000092        0x0 ./FreeRTOS/Src/port.o
 .text          0x00000092        0x0 ./FreeRTOS/Src/queue.o
 .text          0x00000092        0x0 ./FreeRTOS/Src/tasks.o
 .text          0x00000092        0x0 ./Drivers/src/ADC.o
 .text          0x00000092        0x0 ./Drivers/src/BasicIO.o
 .text          0x00000092        0x0 ./Drivers/src/Ext_int.o
 .text          0x00000092        0x0 ./Drivers/src/LCD.o
 .text          0x00000092        0x0 ./Drivers/src/SPI.o
 .text          0x00000092        0x0 ./Drivers/src/TWI.o
 .text          0x00000092        0x0 ./Drivers/src/keypad.o
 .text          0x00000092        0x0 ./Drivers/src/motor.o
 .text          0x00000092        0x0 ./Drivers/src/seg.o
 .text          0x00000092        0x0 ./Drivers/src/timer.o
 .text          0x00000092        0x0 ./Drivers/src/uart.o
 .text          0x00000092        0x0 ./main.o
 .text          0x00000092        0x0 c:/winavr-20100110/bin/../lib/gcc/avr/4.3.3/avr5\libgcc.a(_mulsi3.o)
 .text          0x00000092        0x0 c:/winavr-20100110/bin/../lib/gcc/avr/4.3.3/avr5\libgcc.a(_udivmodsi4.o)
 .text          0x00000092        0x0 c:/winavr-20100110/bin/../lib/gcc/avr/4.3.3/avr5\libgcc.a(_divmodsi4.o)
 .text          0x00000092        0x0 c:/winavr-20100110/bin/../lib/gcc/avr/4.3.3/avr5\libgcc.a(_exit.o)
 .text          0x00000092        0x0 c:/winavr-20100110/bin/../lib/gcc/avr/4.3.3/avr5\libgcc.a(_copy_data.o)
 .text          0x00000092        0x0 c:/winavr-20100110/bin/../lib/gcc/avr/4.3.3/avr5\libgcc.a(_clear_bss.o)
 .text          0x00000092       0x58 c:/winavr-20100110/bin/../lib/gcc/avr/4.3.3/avr5\libgcc.a(_fixunssfsi.o)
                0x00000092                __fixunssfsi
 .text          0x000000ea      0x354 c:/winavr-20100110/bin/../lib/gcc/avr/4.3.3/avr5\libgcc.a(_addsub_sf.o)
                0x00000382                __subsf3
                0x000003e4                __addsf3
 .text          0x0000043e      0x1f4 c:/winavr-20100110/bin/../lib/gcc/avr/4.3.3/avr5\libgcc.a(_mul_sf.o)
                0x0000043e                __mulsf3
 .text          0x00000632      0x158 c:/winavr-20100110/bin/../lib/gcc/avr/4.3.3/avr5\libgcc.a(_div_sf.o)
                0x00000632                __divsf3
 .text          0x0000078a       0x60 c:/winavr-20100110/bin/../lib/gcc/avr/4.3.3/avr5\libgcc.a(_ge_sf.o)
                0x0000078a                __gesf2
 .text          0x000007ea       0x60 c:/winavr-20100110/bin/../lib/gcc/avr/4.3.3/avr5\libgcc.a(_le_sf.o)
                0x000007ea                __lesf2
 .text          0x0000084a       0xbc c:/winavr-20100110/bin/../lib/gcc/avr/4.3.3/avr5\libgcc.a(_si_to_sf.o)
                0x0000084a                __floatsisf
 .text          0x00000906       0xa8 c:/winavr-20100110/bin/../lib/gcc/avr/4.3.3/avr5\libgcc.a(_sf_to_si.o)
                0x00000906                __fixsfsi
 .text          0x000009ae        0x0 c:/winavr-20100110/bin/../lib/gcc/avr/4.3.3/avr5\libgcc.a(_thenan_sf.o)
 .text          0x000009ae        0x0 c:/winavr-20100110/bin/../lib/gcc/avr/4.3.3/avr5\libgcc.a(_prologue.o)
 .text          0x000009ae        0x0 c:/winavr-20100110/bin/../lib/gcc/avr/4.3.3/avr5\libgcc.a(_epilogue.o)
 .text          0x000009ae       0x9e c:/winavr-20100110/bin/../lib/gcc/avr/4.3.3/avr5\libgcc.a(_clzsi2.o)
                0x000009ae                __clzsi2
 .text          0x00000a4c      0x1aa c:/winavr-20100110/bin/../lib/gcc/avr/4.3.3/avr5\libgcc.a(_pack_sf.o)
                0x00000a4c                __pack_f
 .text          0x00000bf6       0xf0 c:/winavr-20100110/bin/../lib/gcc/avr/4.3.3/avr5\libgcc.a(_unpack_sf.o)
                0x00000bf6                __unpack_f
 .text          0x00000ce6       0xb2 c:/winavr-20100110/bin/../lib/gcc/avr/4.3.3/avr5\libgcc.a(_fpcmp_parts_sf.o)
                0x00000ce6                __fpcmp_parts_f
 .text          0x00000d98        0x0 c:/winavr-20100110/bin/../lib/gcc/avr/4.3.3/avr5\libgcc.a(_clz.o)
 .text          0x00000d98        0x0 c:/winavr-20100110/bin/../lib/gcc/avr/4.3.3/../../../../avr/lib/avr5\libc.a(memcpy.o)
 .text          0x00000d98        0x0 c:/winavr-20100110/bin/../lib/gcc/avr/4.3.3/../../../../avr/lib/avr5\libc.a(strcmp.o)
 .text          0x00000d98        0x0 c:/winavr-20100110/bin/../lib/gcc/avr/4.3.3/../../../../avr/lib/avr5\libc.a(strcpy.o)
 .text          0x00000d98        0x0 c:/winavr-20100110/bin/../lib/gcc/avr/4.3.3/../../../../avr/lib/avr5\libc.a(itoa.o)
 .text          0x00000d98        0x0 c:/winavr-20100110/bin/../lib/gcc/avr/4.3.3/../../../../avr/lib/avr5\libc.a(strrev.o)
 .text          0x00000d98        0x0 c:/winavr-20100110/bin/../lib/gcc/avr/4.3.3/avr5\libgcc.a(_udivmodhi4.o)
                0x00000d98                . = ALIGN (0x2)
 *(.text.*)
 .text.xArePollingQueuesStillRunning
                0x00000d98       0x1a ./FreeRTOS/Src/PollQ.o
                0x00000d98                xArePollingQueuesStillRunning
 .text.vStartPolledQueueTasks
                0x00000db2       0x78 ./FreeRTOS/Src/PollQ.o
                0x00000db2                vStartPolledQueueTasks
 .text.vPolledQueueProducer
                0x00000e2a       0x78 ./FreeRTOS/Src/PollQ.o
 .text.vPolledQueueConsumer
                0x00000ea2       0x92 ./FreeRTOS/Src/PollQ.o
 .text.xCoRoutineRemoveFromEventList
                0x00000f34       0x50 ./FreeRTOS/Src/croutine.o
                0x00000f34                xCoRoutineRemoveFromEventList
 .text.vCoRoutineSchedule
                0x00000f84      0x1c0 ./FreeRTOS/Src/croutine.o
                0x00000f84                vCoRoutineSchedule
 .text.vCoRoutineAddToDelayedList
                0x00001144       0x7a ./FreeRTOS/Src/croutine.o
                0x00001144                vCoRoutineAddToDelayedList
 .text.xCoRoutineCreate
                0x000011be       0xf4 ./FreeRTOS/Src/croutine.o
                0x000011be                xCoRoutineCreate
 .text.xEventGroupClearBits
                0x000012b2       0x20 ./FreeRTOS/Src/event_groups.o
                0x000012b2                xEventGroupClearBits
 .text.xEventGroupGetBitsFromISR
                0x000012d2        0x8 ./FreeRTOS/Src/event_groups.o
                0x000012d2                xEventGroupGetBitsFromISR
 .text.vEventGroupClearBitsCallback
                0x000012da        0x8 ./FreeRTOS/Src/event_groups.o
                0x000012da                vEventGroupClearBitsCallback
 .text.vEventGroupDelete
                0x000012e2       0x2e ./FreeRTOS/Src/event_groups.o
                0x000012e2                vEventGroupDelete
 .text.xEventGroupSetBits
                0x00001310       0xb0 ./FreeRTOS/Src/event_groups.o
                0x00001310                xEventGroupSetBits
 .text.vEventGroupSetBitsCallback
                0x000013c0        0x8 ./FreeRTOS/Src/event_groups.o
                0x000013c0                vEventGroupSetBitsCallback
 .text.xEventGroupWaitBits
                0x000013c8      0x100 ./FreeRTOS/Src/event_groups.o
                0x000013c8                xEventGroupWaitBits
 .text.xEventGroupSync
                0x000014c8       0xe6 ./FreeRTOS/Src/event_groups.o
                0x000014c8                xEventGroupSync
 .text.xEventGroupCreate
                0x000015ae       0x26 ./FreeRTOS/Src/event_groups.o
                0x000015ae                xEventGroupCreate
 .text.vPortFree
                0x000015d4        0x2 ./FreeRTOS/Src/heap_1.o
                0x000015d4                vPortFree
 .text.vPortInitialiseBlocks
                0x000015d6        0xa ./FreeRTOS/Src/heap_1.o
                0x000015d6                vPortInitialiseBlocks
 .text.xPortGetFreeHeapSize
                0x000015e0       0x14 ./FreeRTOS/Src/heap_1.o
                0x000015e0                xPortGetFreeHeapSize
 .text.pvPortMalloc
                0x000015f4       0x64 ./FreeRTOS/Src/heap_1.o
                0x000015f4                pvPortMalloc
 .text.vCompeteingIntMathTask
                0x00001658       0xc0 ./FreeRTOS/Src/integer.o
 .text.xAreIntegerMathsTaskStillRunning
                0x00001718        0xe ./FreeRTOS/Src/integer.o
                0x00001718                xAreIntegerMathsTaskStillRunning
 .text.vStartIntegerMathTasks
                0x00001726       0x40 ./FreeRTOS/Src/integer.o
                0x00001726                vStartIntegerMathTasks
 .text.vListInitialise
                0x00001766       0x20 ./FreeRTOS/Src/list.o
                0x00001766                vListInitialise
 .text.vListInitialiseItem
                0x00001786        0x8 ./FreeRTOS/Src/list.o
                0x00001786                vListInitialiseItem
 .text.vListInsertEnd
                0x0000178e       0x3e ./FreeRTOS/Src/list.o
                0x0000178e                vListInsertEnd
 .text.vListInsert
                0x000017cc       0x64 ./FreeRTOS/Src/list.o
                0x000017cc                vListInsert
 .text.uxListRemove
                0x00001830       0x54 ./FreeRTOS/Src/list.o
                0x00001830                uxListRemove
 .text.pxPortInitialiseStack
                0x00001884       0x90 ./FreeRTOS/Src/port.o
                0x00001884                pxPortInitialiseStack
 .text.xPortStartScheduler
                0x00001914       0x6a ./FreeRTOS/Src/port.o
                0x00001914                xPortStartScheduler
 .text.vPortEndScheduler
                0x0000197e        0x2 ./FreeRTOS/Src/port.o
                0x0000197e                vPortEndScheduler
 .text.vPortYieldFromTick
                0x00001980       0xba ./FreeRTOS/Src/port.o
                0x00001980                vPortYieldFromTick
 .text.__vector_7
                0x00001a3a        0x6 ./FreeRTOS/Src/port.o
                0x00001a3a                __vector_7
 .text.vPortYield
                0x00001a40       0xb2 ./FreeRTOS/Src/port.o
                0x00001a40                vPortYield
 .text.uxQueueMessagesWaiting
                0x00001af2       0x10 ./FreeRTOS/Src/queue.o
                0x00001af2                uxQueueMessagesWaiting
 .text.uxQueueSpacesAvailable
                0x00001b02       0x14 ./FreeRTOS/Src/queue.o
                0x00001b02                uxQueueSpacesAvailable
 .text.uxQueueMessagesWaitingFromISR
                0x00001b16        0x6 ./FreeRTOS/Src/queue.o
                0x00001b16                uxQueueMessagesWaitingFromISR
 .text.xQueueIsQueueEmptyFromISR
                0x00001b1c       0x10 ./FreeRTOS/Src/queue.o
                0x00001b1c                xQueueIsQueueEmptyFromISR
 .text.xQueueIsQueueFullFromISR
                0x00001b2c       0x12 ./FreeRTOS/Src/queue.o
                0x00001b2c                xQueueIsQueueFullFromISR
 .text.prvCopyDataFromQueue
                0x00001b3e       0x3c ./FreeRTOS/Src/queue.o
 .text.xQueuePeekFromISR
                0x00001b7a       0x2a ./FreeRTOS/Src/queue.o
                0x00001b7a                xQueuePeekFromISR
 .text.xQueueCRReceiveFromISR
                0x00001ba4       0x76 ./FreeRTOS/Src/queue.o
                0x00001ba4                xQueueCRReceiveFromISR
 .text.prvCopyDataToQueue
                0x00001c1a       0xb4 ./FreeRTOS/Src/queue.o
 .text.xQueueCRSendFromISR
                0x00001cce       0x3e ./FreeRTOS/Src/queue.o
                0x00001cce                xQueueCRSendFromISR
 .text.xQueueCRReceive
                0x00001d0c       0x8a ./FreeRTOS/Src/queue.o
                0x00001d0c                xQueueCRReceive
 .text.xQueueCRSend
                0x00001d96       0x6c ./FreeRTOS/Src/queue.o
                0x00001d96                xQueueCRSend
 .text.vQueueDelete
                0x00001e02       0x1e ./FreeRTOS/Src/queue.o
                0x00001e02                vQueueDelete
 .text.xQueueReceiveFromISR
                0x00001e20       0x56 ./FreeRTOS/Src/queue.o
                0x00001e20                xQueueReceiveFromISR
 .text.xQueueGenericSendFromISR
                0x00001e76       0x6c ./FreeRTOS/Src/queue.o
                0x00001e76                xQueueGenericSendFromISR
 .text.prvUnlockQueue
                0x00001ee2       0x80 ./FreeRTOS/Src/queue.o
 .text.xQueueGenericReceive
                0x00001f62      0x198 ./FreeRTOS/Src/queue.o
                0x00001f62                xQueueGenericReceive
 .text.xQueueGenericSend
                0x000020fa      0x156 ./FreeRTOS/Src/queue.o
                0x000020fa                xQueueGenericSend
 .text.xQueueCreateMutex
                0x00002250       0x58 ./FreeRTOS/Src/queue.o
                0x00002250                xQueueCreateMutex
 .text.xQueueGenericReset
                0x000022a8       0x84 ./FreeRTOS/Src/queue.o
                0x000022a8                xQueueGenericReset
 .text.xQueueGenericCreate
                0x0000232c       0x58 ./FreeRTOS/Src/queue.o
                0x0000232c                xQueueGenericCreate
 .text.xQueueCreateCountingSemaphore
                0x00002384       0x1a ./FreeRTOS/Src/queue.o
                0x00002384                xQueueCreateCountingSemaphore
 .text.uxTaskPriorityGet
                0x0000239e       0x1e ./FreeRTOS/Src/tasks.o
                0x0000239e                uxTaskPriorityGet
 .text.vTaskSuspendAll
                0x000023bc        0xc ./FreeRTOS/Src/tasks.o
                0x000023bc                vTaskSuspendAll
 .text.xTaskGetTickCount
                0x000023c8       0x16 ./FreeRTOS/Src/tasks.o
                0x000023c8                xTaskGetTickCount
 .text.xTaskGetTickCountFromISR
                0x000023de        0xc ./FreeRTOS/Src/tasks.o
                0x000023de                xTaskGetTickCountFromISR
 .text.uxTaskGetNumberOfTasks
                0x000023ea        0x6 ./FreeRTOS/Src/tasks.o
                0x000023ea                uxTaskGetNumberOfTasks
 .text.vTaskSwitchContext
                0x000023f0       0x92 ./FreeRTOS/Src/tasks.o
                0x000023f0                vTaskSwitchContext
 .text.vTaskSetTimeOutState
                0x00002482       0x16 ./FreeRTOS/Src/tasks.o
                0x00002482                vTaskSetTimeOutState
 .text.xTaskCheckForTimeOut
                0x00002498       0x66 ./FreeRTOS/Src/tasks.o
                0x00002498                xTaskCheckForTimeOut
 .text.vTaskMissedYield
                0x000024fe        0x8 ./FreeRTOS/Src/tasks.o
                0x000024fe                vTaskMissedYield
 .text.xTaskGetCurrentTaskHandle
                0x00002506        0xc ./FreeRTOS/Src/tasks.o
                0x00002506                xTaskGetCurrentTaskHandle
 .text.uxTaskResetEventItemValue
                0x00002512       0x30 ./FreeRTOS/Src/tasks.o
                0x00002512                uxTaskResetEventItemValue
 .text.pvTaskIncrementMutexHeldCount
                0x00002542       0x26 ./FreeRTOS/Src/tasks.o
                0x00002542                pvTaskIncrementMutexHeldCount
 .text.xTaskPriorityDisinherit
                0x00002568       0x6a ./FreeRTOS/Src/tasks.o
                0x00002568                xTaskPriorityDisinherit
 .text.vTaskPriorityInherit
                0x000025d2       0xa4 ./FreeRTOS/Src/tasks.o
                0x000025d2                vTaskPriorityInherit
 .text.xTaskRemoveFromUnorderedEventList
                0x00002676       0x68 ./FreeRTOS/Src/tasks.o
                0x00002676                xTaskRemoveFromUnorderedEventList
 .text.xTaskRemoveFromEventList
                0x000026de       0x80 ./FreeRTOS/Src/tasks.o
                0x000026de                xTaskRemoveFromEventList
 .text.xTaskIncrementTick
                0x0000275e      0x194 ./FreeRTOS/Src/tasks.o
                0x0000275e                xTaskIncrementTick
 .text.prvAddCurrentTaskToDelayedList
                0x000028f2       0x6e ./FreeRTOS/Src/tasks.o
 .text.vTaskPlaceOnUnorderedEventList
                0x00002960       0x48 ./FreeRTOS/Src/tasks.o
                0x00002960                vTaskPlaceOnUnorderedEventList
 .text.vTaskPlaceOnEventList
                0x000029a8       0x3a ./FreeRTOS/Src/tasks.o
                0x000029a8                vTaskPlaceOnEventList
 .text.xTaskResumeAll
                0x000029e2       0xe4 ./FreeRTOS/Src/tasks.o
                0x000029e2                xTaskResumeAll
 .text.vTaskPrioritySet
                0x00002ac6      0x10a ./FreeRTOS/Src/tasks.o
                0x00002ac6                vTaskPrioritySet
 .text.vTaskDelay
                0x00002bd0       0x4e ./FreeRTOS/Src/tasks.o
                0x00002bd0                vTaskDelay
 .text.vTaskDelayUntil
                0x00002c1e       0x70 ./FreeRTOS/Src/tasks.o
                0x00002c1e                vTaskDelayUntil
 .text.vTaskDelete
                0x00002c8e       0xc0 ./FreeRTOS/Src/tasks.o
                0x00002c8e                vTaskDelete
 .text.vTaskEndScheduler
                0x00002d4e        0xc ./FreeRTOS/Src/tasks.o
                0x00002d4e                vTaskEndScheduler
 .text.prvIdleTask
                0x00002d5a       0x74 ./FreeRTOS/Src/tasks.o
 .text.xTaskGenericCreate
                0x00002dce      0x1f8 ./FreeRTOS/Src/tasks.o
                0x00002dce                xTaskGenericCreate
 .text.vTaskStartScheduler
                0x00002fc6       0x56 ./FreeRTOS/Src/tasks.o
                0x00002fc6                vTaskStartScheduler
 .text.ADC_Init
                0x0000301c       0x12 ./Drivers/src/ADC.o
                0x0000301c                ADC_Init
 .text.ADC_Read
                0x0000302e       0x18 ./Drivers/src/ADC.o
                0x0000302e                ADC_Read
 .text.Led_Init
                0x00003046       0x1e ./Drivers/src/BasicIO.o
                0x00003046                Led_Init
 .text.Led_On   0x00003064       0x16 ./Drivers/src/BasicIO.o
                0x00003064                Led_On
 .text.Led_Off  0x0000307a       0x18 ./Drivers/src/BasicIO.o
                0x0000307a                Led_Off
 .text.Led_Toggle
                0x00003092       0x16 ./Drivers/src/BasicIO.o
                0x00003092                Led_Toggle
 .text.Leds_Init
                0x000030a8       0x10 ./Drivers/src/BasicIO.o
                0x000030a8                Leds_Init
 .text.Leds_On  0x000030b8        0x8 ./Drivers/src/BasicIO.o
                0x000030b8                Leds_On
 .text.Leds_Off
                0x000030c0        0xa ./Drivers/src/BasicIO.o
                0x000030c0                Leds_Off
 .text.Leds_Toggle
                0x000030ca        0x8 ./Drivers/src/BasicIO.o
                0x000030ca                Leds_Toggle
 .text.Leds_AllInit
                0x000030d2        0xc ./Drivers/src/BasicIO.o
                0x000030d2                Leds_AllInit
 .text.Leds_AllOn
                0x000030de        0x8 ./Drivers/src/BasicIO.o
                0x000030de                Leds_AllOn
 .text.Leds_AllOff
                0x000030e6        0x6 ./Drivers/src/BasicIO.o
                0x000030e6                Leds_AllOff
 .text.Leds_AllToggle
                0x000030ec        0x8 ./Drivers/src/BasicIO.o
                0x000030ec                Leds_AllToggle
 .text.Btn_Init
                0x000030f4       0x20 ./Drivers/src/BasicIO.o
                0x000030f4                Btn_Init
 .text.Btn_IsPressed
                0x00003114       0x16 ./Drivers/src/BasicIO.o
                0x00003114                Btn_IsPressed
 .text.Buz_Init
                0x0000312a        0x6 ./Drivers/src/BasicIO.o
                0x0000312a                Buz_Init
 .text.Buz_On   0x00003130        0x4 ./Drivers/src/BasicIO.o
                0x00003130                Buz_On
 .text.Buz_Off  0x00003134        0x4 ./Drivers/src/BasicIO.o
                0x00003134                Buz_Off
 .text.Buz_Toggle
                0x00003138        0x8 ./Drivers/src/BasicIO.o
                0x00003138                Buz_Toggle
 .text.Ext_Int_Init
                0x00003140       0x6c ./Drivers/src/Ext_int.o
                0x00003140                Ext_Int_Init
 .text.__vector_1
                0x000031ac       0x4e ./Drivers/src/Ext_int.o
                0x000031ac                __vector_1
 .text.__vector_2
                0x000031fa       0x4e ./Drivers/src/Ext_int.o
                0x000031fa                __vector_2
 .text.__vector_3
                0x00003248       0x4e ./Drivers/src/Ext_int.o
                0x00003248                __vector_3
 .text.LCD_SendCMD
                0x00003296       0x2a ./Drivers/src/LCD.o
 .text.LCD_Clear
                0x000032c0       0x10 ./Drivers/src/LCD.o
                0x000032c0                LCD_Clear
 .text.LCD_Init
                0x000032d0       0x3a ./Drivers/src/LCD.o
                0x000032d0                LCD_Init
 .text.LCD_SendData
                0x0000330a       0x2a ./Drivers/src/LCD.o
 .text.LCD_DispStr
                0x00003334       0x26 ./Drivers/src/LCD.o
                0x00003334                LCD_DispStr
 .text.LCD_DispChar
                0x0000335a        0x6 ./Drivers/src/LCD.o
                0x0000335a                LCD_DispChar
 .text.LCD_GoToXY
                0x00003360       0x14 ./Drivers/src/LCD.o
 .text.LCD_DispStrXY
                0x00003374       0x16 ./Drivers/src/LCD.o
                0x00003374                LCD_DispStrXY
 .text.LCD_DispCharXY
                0x0000338a       0x12 ./Drivers/src/LCD.o
                0x0000338a                LCD_DispCharXY
 .text.LCD_DispInt
                0x0000339c       0x52 ./Drivers/src/LCD.o
                0x0000339c                LCD_DispInt
 .text.LCD_DispIntXY
                0x000033ee       0x22 ./Drivers/src/LCD.o
                0x000033ee                LCD_DispIntXY
 .text.SPI_Init
                0x00003410       0x22 ./Drivers/src/SPI.o
                0x00003410                SPI_Init
 .text.SPI_Transceve
                0x00003432        0xa ./Drivers/src/SPI.o
                0x00003432                SPI_Transceve
 .text.TWI_Init
                0x0000343c       0x2a ./Drivers/src/TWI.o
                0x0000343c                TWI_Init
 .text.TWI_Start
                0x00003466       0x1a ./Drivers/src/TWI.o
                0x00003466                TWI_Start
 .text.TWI_Restart
                0x00003480       0x1a ./Drivers/src/TWI.o
                0x00003480                TWI_Restart
 .text.TWI_Stop
                0x0000349a        0x6 ./Drivers/src/TWI.o
                0x0000349a                TWI_Stop
 .text.TWI_Write
                0x000034a0       0x26 ./Drivers/src/TWI.o
                0x000034a0                TWI_Write
 .text.TWI_Read
                0x000034c6       0x38 ./Drivers/src/TWI.o
                0x000034c6                TWI_Read
 .text.Key_Init
                0x000034fe       0x1a ./Drivers/src/keypad.o
                0x000034fe                Key_Init
 .text.Key_GetKey
                0x00003518       0x9c ./Drivers/src/keypad.o
                0x00003518                Key_GetKey
 .text.motor_init
                0x000035b4        0x6 ./Drivers/src/motor.o
                0x000035b4                motor_init
 .text.motor_rotate
                0x000035ba       0x16 ./Drivers/src/motor.o
                0x000035ba                motor_rotate
 .text.motor_stop
                0x000035d0        0x6 ./Drivers/src/motor.o
                0x000035d0                motor_stop
 .text.Seg_Init
                0x000035d6       0x14 ./Drivers/src/seg.o
                0x000035d6                Seg_Init
 .text.Seg_Display
                0x000035ea       0x3e ./Drivers/src/seg.o
                0x000035ea                Seg_Display
 .text.Timer_Init
                0x00003628       0xa2 ./Drivers/src/timer.o
                0x00003628                Timer_Init
 .text.Timer_Start
                0x000036ca        0xe ./Drivers/src/timer.o
                0x000036ca                Timer_Start
 .text.Timer_Stop
                0x000036d8        0x8 ./Drivers/src/timer.o
                0x000036d8                Timer_Stop
 .text.Timer_ResetCounters
                0x000036e0       0x14 ./Drivers/src/timer.o
                0x000036e0                Timer_ResetCounters
 .text.Timer_DelayUS
                0x000036f4       0x5c ./Drivers/src/timer.o
                0x000036f4                Timer_DelayUS
 .text.Timer_DelayMS
                0x00003750       0x68 ./Drivers/src/timer.o
                0x00003750                Timer_DelayMS
 .text.Timer_SetDuty
                0x000037b8       0x2e ./Drivers/src/timer.o
                0x000037b8                Timer_SetDuty
 .text.Timer_DecDuty
                0x000037e6       0xb6 ./Drivers/src/timer.o
                0x000037e6                Timer_DecDuty
 .text.Timer_IncDuty
                0x0000389c       0xa0 ./Drivers/src/timer.o
                0x0000389c                Timer_IncDuty
 .text.Timer_SetNotif
                0x0000393c       0x72 ./Drivers/src/timer.o
                0x0000393c                Timer_SetNotif
 .text.__vector_11
                0x000039ae       0xa4 ./Drivers/src/timer.o
                0x000039ae                __vector_11
 .text.Uart_Init
                0x00003a52       0x42 ./Drivers/src/uart.o
                0x00003a52                Uart_Init
 .text.Uart_SendByte
                0x00003a94        0x8 ./Drivers/src/uart.o
                0x00003a94                Uart_SendByte
 .text.Uart_ReceiveByte
                0x00003a9c        0xc ./Drivers/src/uart.o
                0x00003a9c                Uart_ReceiveByte
 .text.Uart_ReceiveByte_Unblock
                0x00003aa8       0x12 ./Drivers/src/uart.o
                0x00003aa8                Uart_ReceiveByte_Unblock
 .text.Uart_SendStr
                0x00003aba       0x14 ./Drivers/src/uart.o
                0x00003aba                Uart_SendStr
 .text.__vector_13
                0x00003ace       0x54 ./Drivers/src/uart.o
                0x00003ace                __vector_13
 .text.T_NewPassWord
                0x00003b22      0x224 ./main.o
                0x00003b22                T_NewPassWord
 .text.T_Door   0x00003d46      0x140 ./main.o
                0x00003d46                T_Door
 .text.T_RoomLeds
                0x00003e86      0x142 ./main.o
                0x00003e86                T_RoomLeds
 .text.T_TempControl
                0x00003fc8       0x6c ./main.o
                0x00003fc8                T_TempControl
 .text.T_Uart   0x00004034       0x76 ./main.o
                0x00004034                T_Uart
 .text.T_TempDetect
                0x000040aa      0x19e ./main.o
                0x000040aa                T_TempDetect
 .text.system_init
                0x00004248       0x22 ./main.o
                0x00004248                system_init
 .text.main     0x0000426a       0xb4 ./main.o
                0x0000426a                main
 .text.libgcc   0x0000431e       0x3e c:/winavr-20100110/bin/../lib/gcc/avr/4.3.3/avr5\libgcc.a(_mulsi3.o)
                0x0000431e                __mulsi3
 .text.libgcc   0x0000435c       0x44 c:/winavr-20100110/bin/../lib/gcc/avr/4.3.3/avr5\libgcc.a(_udivmodsi4.o)
                0x0000435c                __udivmodsi4
 .text.libgcc   0x000043a0       0x36 c:/winavr-20100110/bin/../lib/gcc/avr/4.3.3/avr5\libgcc.a(_divmodsi4.o)
                0x000043a0                __divmodsi4
 .text.libgcc   0x000043d6        0x0 c:/winavr-20100110/bin/../lib/gcc/avr/4.3.3/avr5\libgcc.a(_exit.o)
 .text.libgcc   0x000043d6        0x0 c:/winavr-20100110/bin/../lib/gcc/avr/4.3.3/avr5\libgcc.a(_copy_data.o)
 .text.libgcc   0x000043d6        0x0 c:/winavr-20100110/bin/../lib/gcc/avr/4.3.3/avr5\libgcc.a(_clear_bss.o)
 .text.libgcc   0x000043d6       0x38 c:/winavr-20100110/bin/../lib/gcc/avr/4.3.3/avr5\libgcc.a(_prologue.o)
                0x000043d6                __prologue_saves__
 .text.libgcc   0x0000440e       0x36 c:/winavr-20100110/bin/../lib/gcc/avr/4.3.3/avr5\libgcc.a(_epilogue.o)
                0x0000440e                __epilogue_restores__
 .text.avr-libc
                0x00004444       0x12 c:/winavr-20100110/bin/../lib/gcc/avr/4.3.3/../../../../avr/lib/avr5\libc.a(memcpy.o)
                0x00004444                memcpy
 .text.avr-libc
                0x00004456       0x12 c:/winavr-20100110/bin/../lib/gcc/avr/4.3.3/../../../../avr/lib/avr5\libc.a(strcmp.o)
                0x00004456                strcmp
 .text.avr-libc
                0x00004468        0xe c:/winavr-20100110/bin/../lib/gcc/avr/4.3.3/../../../../avr/lib/avr5\libc.a(strcpy.o)
                0x00004468                strcpy
 .text.avr-libc
                0x00004476       0x42 c:/winavr-20100110/bin/../lib/gcc/avr/4.3.3/../../../../avr/lib/avr5\libc.a(itoa.o)
                0x00004476                itoa
 .text.avr-libc
                0x000044b8       0x20 c:/winavr-20100110/bin/../lib/gcc/avr/4.3.3/../../../../avr/lib/avr5\libc.a(strrev.o)
                0x000044b8                strrev
 .text.libgcc   0x000044d8       0x28 c:/winavr-20100110/bin/../lib/gcc/avr/4.3.3/avr5\libgcc.a(_udivmodhi4.o)
                0x000044d8                __udivmodhi4
                0x00004500                . = ALIGN (0x2)
 *(.fini9)
 .fini9         0x00004500        0x0 c:/winavr-20100110/bin/../lib/gcc/avr/4.3.3/avr5\libgcc.a(_exit.o)
                0x00004500                exit
                0x00004500                _exit
 *(.fini9)
 *(.fini8)
 *(.fini8)
 *(.fini7)
 *(.fini7)
 *(.fini6)
 *(.fini6)
 *(.fini5)
 *(.fini5)
 *(.fini4)
 *(.fini4)
 *(.fini3)
 *(.fini3)
 *(.fini2)
 *(.fini2)
 *(.fini1)
 *(.fini1)
 *(.fini0)
 .fini0         0x00004500        0x4 c:/winavr-20100110/bin/../lib/gcc/avr/4.3.3/avr5\libgcc.a(_exit.o)
 *(.fini0)
                0x00004504                _etext = .

.data           0x00800060      0x284 load address 0x00004504
                0x00800060                PROVIDE (__data_start, .)
 *(.data)
 .data          0x00800060        0x0 c:/winavr-20100110/bin/../lib/gcc/avr/4.3.3/../../../../avr/lib/avr5/crtm32.o
 .data          0x00800060       0x10 ./FreeRTOS/Src/PollQ.o
 .data          0x00800070        0x0 ./FreeRTOS/Src/croutine.o
 .data          0x00800070        0x0 ./FreeRTOS/Src/event_groups.o
 .data          0x00800070        0x0 ./FreeRTOS/Src/heap_1.o
 .data          0x00800070        0x8 ./FreeRTOS/Src/integer.o
 .data          0x00800078        0x0 ./FreeRTOS/Src/list.o
 .data          0x00800078        0x0 ./FreeRTOS/Src/port.o
 .data          0x00800078        0x0 ./FreeRTOS/Src/queue.o
 .data          0x00800078        0x5 ./FreeRTOS/Src/tasks.o
 .data          0x0080007d        0x0 ./Drivers/src/ADC.o
 .data          0x0080007d        0x0 ./Drivers/src/BasicIO.o
 .data          0x0080007d        0x0 ./Drivers/src/Ext_int.o
 .data          0x0080007d        0x0 ./Drivers/src/LCD.o
 .data          0x0080007d        0x0 ./Drivers/src/SPI.o
 .data          0x0080007d        0x0 ./Drivers/src/TWI.o
 .data          0x0080007d        0x0 ./Drivers/src/keypad.o
 .data          0x0080007d        0x0 ./Drivers/src/motor.o
 .data          0x0080007d        0x0 ./Drivers/src/seg.o
 .data          0x0080007d        0x0 ./Drivers/src/timer.o
 .data          0x0080007d        0x0 ./Drivers/src/uart.o
 .data          0x0080007d      0x138 ./main.o
 .data          0x008001b5        0x0 c:/winavr-20100110/bin/../lib/gcc/avr/4.3.3/avr5\libgcc.a(_mulsi3.o)
 .data          0x008001b5        0x0 c:/winavr-20100110/bin/../lib/gcc/avr/4.3.3/avr5\libgcc.a(_udivmodsi4.o)
 .data          0x008001b5        0x0 c:/winavr-20100110/bin/../lib/gcc/avr/4.3.3/avr5\libgcc.a(_divmodsi4.o)
 .data          0x008001b5        0x0 c:/winavr-20100110/bin/../lib/gcc/avr/4.3.3/avr5\libgcc.a(_exit.o)
 .data          0x008001b5        0x0 c:/winavr-20100110/bin/../lib/gcc/avr/4.3.3/avr5\libgcc.a(_copy_data.o)
 .data          0x008001b5        0x0 c:/winavr-20100110/bin/../lib/gcc/avr/4.3.3/avr5\libgcc.a(_clear_bss.o)
 .data          0x008001b5        0x0 c:/winavr-20100110/bin/../lib/gcc/avr/4.3.3/avr5\libgcc.a(_fixunssfsi.o)
 .data          0x008001b5        0x0 c:/winavr-20100110/bin/../lib/gcc/avr/4.3.3/avr5\libgcc.a(_addsub_sf.o)
 .data          0x008001b5        0x0 c:/winavr-20100110/bin/../lib/gcc/avr/4.3.3/avr5\libgcc.a(_mul_sf.o)
 .data          0x008001b5        0x0 c:/winavr-20100110/bin/../lib/gcc/avr/4.3.3/avr5\libgcc.a(_div_sf.o)
 .data          0x008001b5        0x0 c:/winavr-20100110/bin/../lib/gcc/avr/4.3.3/avr5\libgcc.a(_ge_sf.o)
 .data          0x008001b5        0x0 c:/winavr-20100110/bin/../lib/gcc/avr/4.3.3/avr5\libgcc.a(_le_sf.o)
 .data          0x008001b5        0x0 c:/winavr-20100110/bin/../lib/gcc/avr/4.3.3/avr5\libgcc.a(_si_to_sf.o)
 .data          0x008001b5        0x0 c:/winavr-20100110/bin/../lib/gcc/avr/4.3.3/avr5\libgcc.a(_sf_to_si.o)
 .data          0x008001b5        0x8 c:/winavr-20100110/bin/../lib/gcc/avr/4.3.3/avr5\libgcc.a(_thenan_sf.o)
                0x008001b5                __thenan_sf
 .data          0x008001bd        0x0 c:/winavr-20100110/bin/../lib/gcc/avr/4.3.3/avr5\libgcc.a(_prologue.o)
 .data          0x008001bd        0x0 c:/winavr-20100110/bin/../lib/gcc/avr/4.3.3/avr5\libgcc.a(_epilogue.o)
 .data          0x008001bd        0x0 c:/winavr-20100110/bin/../lib/gcc/avr/4.3.3/avr5\libgcc.a(_clzsi2.o)
 .data          0x008001bd        0x0 c:/winavr-20100110/bin/../lib/gcc/avr/4.3.3/avr5\libgcc.a(_pack_sf.o)
 .data          0x008001bd        0x0 c:/winavr-20100110/bin/../lib/gcc/avr/4.3.3/avr5\libgcc.a(_unpack_sf.o)
 .data          0x008001bd        0x0 c:/winavr-20100110/bin/../lib/gcc/avr/4.3.3/avr5\libgcc.a(_fpcmp_parts_sf.o)
 .data          0x008001bd      0x100 c:/winavr-20100110/bin/../lib/gcc/avr/4.3.3/avr5\libgcc.a(_clz.o)
                0x008001bd                __clz_tab
 .data          0x008002bd        0x0 c:/winavr-20100110/bin/../lib/gcc/avr/4.3.3/../../../../avr/lib/avr5\libc.a(memcpy.o)
 .data          0x008002bd        0x0 c:/winavr-20100110/bin/../lib/gcc/avr/4.3.3/../../../../avr/lib/avr5\libc.a(strcmp.o)
 .data          0x008002bd        0x0 c:/winavr-20100110/bin/../lib/gcc/avr/4.3.3/../../../../avr/lib/avr5\libc.a(strcpy.o)
 .data          0x008002bd        0x0 c:/winavr-20100110/bin/../lib/gcc/avr/4.3.3/../../../../avr/lib/avr5\libc.a(itoa.o)
 .data          0x008002bd        0x0 c:/winavr-20100110/bin/../lib/gcc/avr/4.3.3/../../../../avr/lib/avr5\libc.a(strrev.o)
 .data          0x008002bd        0x0 c:/winavr-20100110/bin/../lib/gcc/avr/4.3.3/avr5\libgcc.a(_udivmodhi4.o)
 *(.data*)
 .data.xNextTaskUnblockTime
                0x008002bd        0x2 ./FreeRTOS/Src/tasks.o
 .data.keys     0x008002bf       0x10 ./Drivers/src/keypad.o
                0x008002bf                keys
 .data.passWord
                0x008002cf        0xa ./main.o
                0x008002cf                passWord
 *(.rodata)
 *(.rodata*)
 .rodata.numbers
                0x008002d9        0xb ./Drivers/src/seg.o
                0x008002d9                numbers
 *(.gnu.linkonce.d*)
                0x008002e4                . = ALIGN (0x2)
                0x008002e4                _edata = .
                0x008002e4                PROVIDE (__data_end, .)

.bss            0x008002e4      0x549
                0x008002e4                PROVIDE (__bss_start, .)
 *(.bss)
 .bss           0x008002e4        0x0 c:/winavr-20100110/bin/../lib/gcc/avr/4.3.3/../../../../avr/lib/avr5/crtm32.o
 .bss           0x008002e4        0x0 ./FreeRTOS/Src/PollQ.o
 .bss           0x008002e4        0x0 ./FreeRTOS/Src/croutine.o
 .bss           0x008002e4        0x0 ./FreeRTOS/Src/event_groups.o
 .bss           0x008002e4        0x0 ./FreeRTOS/Src/heap_1.o
 .bss           0x008002e4        0x0 ./FreeRTOS/Src/integer.o
 .bss           0x008002e4        0x0 ./FreeRTOS/Src/list.o
 .bss           0x008002e4        0x0 ./FreeRTOS/Src/port.o
 .bss           0x008002e4        0x0 ./FreeRTOS/Src/queue.o
 .bss           0x008002e4        0x0 ./FreeRTOS/Src/tasks.o
 .bss           0x008002e4        0x0 ./Drivers/src/ADC.o
 .bss           0x008002e4        0x0 ./Drivers/src/BasicIO.o
 .bss           0x008002e4        0x0 ./Drivers/src/Ext_int.o
 .bss           0x008002e4        0x0 ./Drivers/src/LCD.o
 .bss           0x008002e4        0x0 ./Drivers/src/SPI.o
 .bss           0x008002e4        0x0 ./Drivers/src/TWI.o
 .bss           0x008002e4        0x0 ./Drivers/src/keypad.o
 .bss           0x008002e4        0x0 ./Drivers/src/motor.o
 .bss           0x008002e4        0x0 ./Drivers/src/seg.o
 .bss           0x008002e4        0x0 ./Drivers/src/timer.o
 .bss           0x008002e4        0x0 ./Drivers/src/uart.o
 .bss           0x008002e4        0x0 ./main.o
 .bss           0x008002e4        0x0 c:/winavr-20100110/bin/../lib/gcc/avr/4.3.3/avr5\libgcc.a(_mulsi3.o)
 .bss           0x008002e4        0x0 c:/winavr-20100110/bin/../lib/gcc/avr/4.3.3/avr5\libgcc.a(_udivmodsi4.o)
 .bss           0x008002e4        0x0 c:/winavr-20100110/bin/../lib/gcc/avr/4.3.3/avr5\libgcc.a(_divmodsi4.o)
 .bss           0x008002e4        0x0 c:/winavr-20100110/bin/../lib/gcc/avr/4.3.3/avr5\libgcc.a(_exit.o)
 .bss           0x008002e4        0x0 c:/winavr-20100110/bin/../lib/gcc/avr/4.3.3/avr5\libgcc.a(_copy_data.o)
 .bss           0x008002e4        0x0 c:/winavr-20100110/bin/../lib/gcc/avr/4.3.3/avr5\libgcc.a(_clear_bss.o)
 .bss           0x008002e4        0x0 c:/winavr-20100110/bin/../lib/gcc/avr/4.3.3/avr5\libgcc.a(_fixunssfsi.o)
 .bss           0x008002e4        0x0 c:/winavr-20100110/bin/../lib/gcc/avr/4.3.3/avr5\libgcc.a(_addsub_sf.o)
 .bss           0x008002e4        0x0 c:/winavr-20100110/bin/../lib/gcc/avr/4.3.3/avr5\libgcc.a(_mul_sf.o)
 .bss           0x008002e4        0x0 c:/winavr-20100110/bin/../lib/gcc/avr/4.3.3/avr5\libgcc.a(_div_sf.o)
 .bss           0x008002e4        0x0 c:/winavr-20100110/bin/../lib/gcc/avr/4.3.3/avr5\libgcc.a(_ge_sf.o)
 .bss           0x008002e4        0x0 c:/winavr-20100110/bin/../lib/gcc/avr/4.3.3/avr5\libgcc.a(_le_sf.o)
 .bss           0x008002e4        0x0 c:/winavr-20100110/bin/../lib/gcc/avr/4.3.3/avr5\libgcc.a(_si_to_sf.o)
 .bss           0x008002e4        0x0 c:/winavr-20100110/bin/../lib/gcc/avr/4.3.3/avr5\libgcc.a(_sf_to_si.o)
 .bss           0x008002e4        0x0 c:/winavr-20100110/bin/../lib/gcc/avr/4.3.3/avr5\libgcc.a(_thenan_sf.o)
 .bss           0x008002e4        0x0 c:/winavr-20100110/bin/../lib/gcc/avr/4.3.3/avr5\libgcc.a(_prologue.o)
 .bss           0x008002e4        0x0 c:/winavr-20100110/bin/../lib/gcc/avr/4.3.3/avr5\libgcc.a(_epilogue.o)
 .bss           0x008002e4        0x0 c:/winavr-20100110/bin/../lib/gcc/avr/4.3.3/avr5\libgcc.a(_clzsi2.o)
 .bss           0x008002e4        0x0 c:/winavr-20100110/bin/../lib/gcc/avr/4.3.3/avr5\libgcc.a(_pack_sf.o)
 .bss           0x008002e4        0x0 c:/winavr-20100110/bin/../lib/gcc/avr/4.3.3/avr5\libgcc.a(_unpack_sf.o)
 .bss           0x008002e4        0x0 c:/winavr-20100110/bin/../lib/gcc/avr/4.3.3/avr5\libgcc.a(_fpcmp_parts_sf.o)
 .bss           0x008002e4        0x0 c:/winavr-20100110/bin/../lib/gcc/avr/4.3.3/avr5\libgcc.a(_clz.o)
 .bss           0x008002e4        0x0 c:/winavr-20100110/bin/../lib/gcc/avr/4.3.3/../../../../avr/lib/avr5\libc.a(memcpy.o)
 .bss           0x008002e4        0x0 c:/winavr-20100110/bin/../lib/gcc/avr/4.3.3/../../../../avr/lib/avr5\libc.a(strcmp.o)
 .bss           0x008002e4        0x0 c:/winavr-20100110/bin/../lib/gcc/avr/4.3.3/../../../../avr/lib/avr5\libc.a(strcpy.o)
 .bss           0x008002e4        0x0 c:/winavr-20100110/bin/../lib/gcc/avr/4.3.3/../../../../avr/lib/avr5\libc.a(itoa.o)
 .bss           0x008002e4        0x0 c:/winavr-20100110/bin/../lib/gcc/avr/4.3.3/../../../../avr/lib/avr5\libc.a(strrev.o)
 .bss           0x008002e4        0x0 c:/winavr-20100110/bin/../lib/gcc/avr/4.3.3/avr5\libgcc.a(_udivmodhi4.o)
 *(.bss*)
 .bss.xPollingConsumerCount
                0x008002e4        0x1 ./FreeRTOS/Src/PollQ.o
 .bss.xPollingProducerCount
                0x008002e5        0x1 ./FreeRTOS/Src/PollQ.o
 .bss.xPolledQueue.1653
                0x008002e6        0x2 ./FreeRTOS/Src/PollQ.o
 .bss.pxCurrentCoRoutine
                0x008002e8        0x2 ./FreeRTOS/Src/croutine.o
                0x008002e8                pxCurrentCoRoutine
 .bss.uxTopCoRoutineReadyPriority
                0x008002ea        0x1 ./FreeRTOS/Src/croutine.o
 .bss.xLastTickCount
                0x008002eb        0x2 ./FreeRTOS/Src/croutine.o
 .bss.xPassedTicks
                0x008002ed        0x2 ./FreeRTOS/Src/croutine.o
 .bss.xCoRoutineTickCount
                0x008002ef        0x2 ./FreeRTOS/Src/croutine.o
 .bss.pxReadyCoRoutineLists
                0x008002f1       0x12 ./FreeRTOS/Src/croutine.o
 .bss.xDelayedCoRoutineList1
                0x00800303        0x9 ./FreeRTOS/Src/croutine.o
 .bss.xDelayedCoRoutineList2
                0x0080030c        0x9 ./FreeRTOS/Src/croutine.o
 .bss.pxDelayedCoRoutineList
                0x00800315        0x2 ./FreeRTOS/Src/croutine.o
 .bss.pxOverflowDelayedCoRoutineList
                0x00800317        0x2 ./FreeRTOS/Src/croutine.o
 .bss.xPendingReadyCoRoutineList
                0x00800319        0x9 ./FreeRTOS/Src/croutine.o
 .bss.xNextFreeByte
                0x00800322        0x2 ./FreeRTOS/Src/heap_1.o
 .bss.pucAlignedHeap.1541
                0x00800324        0x2 ./FreeRTOS/Src/heap_1.o
 .bss.ucHeap    0x00800326      0x47e ./FreeRTOS/Src/heap_1.o
 .bss.xTaskCheck
                0x008007a4        0x1 ./FreeRTOS/Src/integer.o
 .bss.pxCurrentTCB
                0x008007a5        0x2 ./FreeRTOS/Src/tasks.o
                0x008007a5                pxCurrentTCB
 .bss.uxTopReadyPriority
                0x008007a7        0x1 ./FreeRTOS/Src/tasks.o
 .bss.xYieldPending
                0x008007a8        0x1 ./FreeRTOS/Src/tasks.o
 .bss.xTickCount
                0x008007a9        0x2 ./FreeRTOS/Src/tasks.o
 .bss.xNumOfOverflows
                0x008007ab        0x1 ./FreeRTOS/Src/tasks.o
 .bss.uxSchedulerSuspended
                0x008007ac        0x1 ./FreeRTOS/Src/tasks.o
 .bss.uxPendedTicks
                0x008007ad        0x1 ./FreeRTOS/Src/tasks.o
 .bss.uxCurrentNumberOfTasks
                0x008007ae        0x1 ./FreeRTOS/Src/tasks.o
 .bss.xSchedulerRunning
                0x008007af        0x1 ./FreeRTOS/Src/tasks.o
 .bss.uxTasksDeleted
                0x008007b0        0x1 ./FreeRTOS/Src/tasks.o
 .bss.uxTaskNumber
                0x008007b1        0x1 ./FreeRTOS/Src/tasks.o
 .bss.pxReadyTasksLists
                0x008007b2       0x3f ./FreeRTOS/Src/tasks.o
 .bss.xDelayedTaskList1
                0x008007f1        0x9 ./FreeRTOS/Src/tasks.o
 .bss.xDelayedTaskList2
                0x008007fa        0x9 ./FreeRTOS/Src/tasks.o
 .bss.pxDelayedTaskList
                0x00800803        0x2 ./FreeRTOS/Src/tasks.o
 .bss.pxOverflowDelayedTaskList
                0x00800805        0x2 ./FreeRTOS/Src/tasks.o
 .bss.xPendingReadyList
                0x00800807        0x9 ./FreeRTOS/Src/tasks.o
 .bss.xTasksWaitingTermination
                0x00800810        0x9 ./FreeRTOS/Src/tasks.o
 .bss.overflows
                0x00800819        0x4 ./Drivers/src/timer.o
 .bss.calcOverflows
                0x0080081d        0x4 ./Drivers/src/timer.o
 .bss.egSmartHome
                0x00800821        0x2 ./main.o
                0x00800821                egSmartHome
 .bss.egValue   0x00800823        0x2 ./main.o
                0x00800823                egValue
 *(COMMON)
 COMMON         0x00800825        0x6 ./Drivers/src/Ext_int.o
                0x00800825                callbacks
 COMMON         0x0080082b        0x2 ./Drivers/src/timer.o
                0x0080082b                notifier
                0x0080082d                PROVIDE (__bss_end, .)
                0x00004504                __data_load_start = LOADADDR (.data)
                0x00004788                __data_load_end = (__data_load_start + SIZEOF (.data))

.noinit         0x0080082d        0x0
                0x0080082d                PROVIDE (__noinit_start, .)
 *(.noinit*)
                0x0080082d                PROVIDE (__noinit_end, .)
                0x0080082d                _end = .
                0x0080082d                PROVIDE (__heap_start, .)

.eeprom         0x00810000        0x0
 *(.eeprom*)
                0x00810000                __eeprom_end = .

.fuse
 *(.fuse)
 *(.lfuse)
 *(.hfuse)
 *(.efuse)

.lock
 *(.lock*)

.signature
 *(.signature*)

.stab
 *(.stab)

.stabstr
 *(.stabstr)

.stab.excl
 *(.stab.excl)

.stab.exclstr
 *(.stab.exclstr)

.stab.index
 *(.stab.index)

.stab.indexstr
 *(.stab.indexstr)

.comment
 *(.comment)

.debug
 *(.debug)

.line
 *(.line)

.debug_srcinfo
 *(.debug_srcinfo)

.debug_sfnames
 *(.debug_sfnames)

.debug_aranges  0x00000000      0x180
 *(.debug_aranges)
 .debug_aranges
                0x00000000       0x20 c:/winavr-20100110/bin/../lib/gcc/avr/4.3.3/avr5\libgcc.a(_fixunssfsi.o)
 .debug_aranges
                0x00000020       0x20 c:/winavr-20100110/bin/../lib/gcc/avr/4.3.3/avr5\libgcc.a(_addsub_sf.o)
 .debug_aranges
                0x00000040       0x20 c:/winavr-20100110/bin/../lib/gcc/avr/4.3.3/avr5\libgcc.a(_mul_sf.o)
 .debug_aranges
                0x00000060       0x20 c:/winavr-20100110/bin/../lib/gcc/avr/4.3.3/avr5\libgcc.a(_div_sf.o)
 .debug_aranges
                0x00000080       0x20 c:/winavr-20100110/bin/../lib/gcc/avr/4.3.3/avr5\libgcc.a(_ge_sf.o)
 .debug_aranges
                0x000000a0       0x20 c:/winavr-20100110/bin/../lib/gcc/avr/4.3.3/avr5\libgcc.a(_le_sf.o)
 .debug_aranges
                0x000000c0       0x20 c:/winavr-20100110/bin/../lib/gcc/avr/4.3.3/avr5\libgcc.a(_si_to_sf.o)
 .debug_aranges
                0x000000e0       0x20 c:/winavr-20100110/bin/../lib/gcc/avr/4.3.3/avr5\libgcc.a(_sf_to_si.o)
 .debug_aranges
                0x00000100       0x20 c:/winavr-20100110/bin/../lib/gcc/avr/4.3.3/avr5\libgcc.a(_clzsi2.o)
 .debug_aranges
                0x00000120       0x20 c:/winavr-20100110/bin/../lib/gcc/avr/4.3.3/avr5\libgcc.a(_pack_sf.o)
 .debug_aranges
                0x00000140       0x20 c:/winavr-20100110/bin/../lib/gcc/avr/4.3.3/avr5\libgcc.a(_unpack_sf.o)
 .debug_aranges
                0x00000160       0x20 c:/winavr-20100110/bin/../lib/gcc/avr/4.3.3/avr5\libgcc.a(_fpcmp_parts_sf.o)

.debug_pubnames
                0x00000000      0x1d2
 *(.debug_pubnames)
 .debug_pubnames
                0x00000000       0x23 c:/winavr-20100110/bin/../lib/gcc/avr/4.3.3/avr5\libgcc.a(_fixunssfsi.o)
 .debug_pubnames
                0x00000023       0x2c c:/winavr-20100110/bin/../lib/gcc/avr/4.3.3/avr5\libgcc.a(_addsub_sf.o)
 .debug_pubnames
                0x0000004f       0x1f c:/winavr-20100110/bin/../lib/gcc/avr/4.3.3/avr5\libgcc.a(_mul_sf.o)
 .debug_pubnames
                0x0000006e       0x1f c:/winavr-20100110/bin/../lib/gcc/avr/4.3.3/avr5\libgcc.a(_div_sf.o)
 .debug_pubnames
                0x0000008d       0x1e c:/winavr-20100110/bin/../lib/gcc/avr/4.3.3/avr5\libgcc.a(_ge_sf.o)
 .debug_pubnames
                0x000000ab       0x1e c:/winavr-20100110/bin/../lib/gcc/avr/4.3.3/avr5\libgcc.a(_le_sf.o)
 .debug_pubnames
                0x000000c9       0x22 c:/winavr-20100110/bin/../lib/gcc/avr/4.3.3/avr5\libgcc.a(_si_to_sf.o)
 .debug_pubnames
                0x000000eb       0x20 c:/winavr-20100110/bin/../lib/gcc/avr/4.3.3/avr5\libgcc.a(_sf_to_si.o)
 .debug_pubnames
                0x0000010b       0x22 c:/winavr-20100110/bin/../lib/gcc/avr/4.3.3/avr5\libgcc.a(_thenan_sf.o)
 .debug_pubnames
                0x0000012d       0x1f c:/winavr-20100110/bin/../lib/gcc/avr/4.3.3/avr5\libgcc.a(_clzsi2.o)
 .debug_pubnames
                0x0000014c       0x1f c:/winavr-20100110/bin/../lib/gcc/avr/4.3.3/avr5\libgcc.a(_pack_sf.o)
 .debug_pubnames
                0x0000016b       0x21 c:/winavr-20100110/bin/../lib/gcc/avr/4.3.3/avr5\libgcc.a(_unpack_sf.o)
 .debug_pubnames
                0x0000018c       0x26 c:/winavr-20100110/bin/../lib/gcc/avr/4.3.3/avr5\libgcc.a(_fpcmp_parts_sf.o)
 .debug_pubnames
                0x000001b2       0x20 c:/winavr-20100110/bin/../lib/gcc/avr/4.3.3/avr5\libgcc.a(_clz.o)

.debug_info     0x00000000     0x218d
 *(.debug_info)
 .debug_info    0x00000000       0xb1 c:/winavr-20100110/bin/../lib/gcc/avr/4.3.3/avr5\libgcc.a(_fixunssfsi.o)
 .debug_info    0x000000b1      0x47a c:/winavr-20100110/bin/../lib/gcc/avr/4.3.3/avr5\libgcc.a(_addsub_sf.o)
 .debug_info    0x0000052b      0x485 c:/winavr-20100110/bin/../lib/gcc/avr/4.3.3/avr5\libgcc.a(_mul_sf.o)
 .debug_info    0x000009b0      0x3fc c:/winavr-20100110/bin/../lib/gcc/avr/4.3.3/avr5\libgcc.a(_div_sf.o)
 .debug_info    0x00000dac      0x27f c:/winavr-20100110/bin/../lib/gcc/avr/4.3.3/avr5\libgcc.a(_ge_sf.o)
 .debug_info    0x0000102b      0x27f c:/winavr-20100110/bin/../lib/gcc/avr/4.3.3/avr5\libgcc.a(_le_sf.o)
 .debug_info    0x000012aa      0x207 c:/winavr-20100110/bin/../lib/gcc/avr/4.3.3/avr5\libgcc.a(_si_to_sf.o)
 .debug_info    0x000014b1      0x2b0 c:/winavr-20100110/bin/../lib/gcc/avr/4.3.3/avr5\libgcc.a(_sf_to_si.o)
 .debug_info    0x00001761      0x12c c:/winavr-20100110/bin/../lib/gcc/avr/4.3.3/avr5\libgcc.a(_thenan_sf.o)
 .debug_info    0x0000188d      0x117 c:/winavr-20100110/bin/../lib/gcc/avr/4.3.3/avr5\libgcc.a(_clzsi2.o)
 .debug_info    0x000019a4      0x2df c:/winavr-20100110/bin/../lib/gcc/avr/4.3.3/avr5\libgcc.a(_pack_sf.o)
 .debug_info    0x00001c83      0x251 c:/winavr-20100110/bin/../lib/gcc/avr/4.3.3/avr5\libgcc.a(_unpack_sf.o)
 .debug_info    0x00001ed4      0x210 c:/winavr-20100110/bin/../lib/gcc/avr/4.3.3/avr5\libgcc.a(_fpcmp_parts_sf.o)
 .debug_info    0x000020e4       0xa9 c:/winavr-20100110/bin/../lib/gcc/avr/4.3.3/avr5\libgcc.a(_clz.o)
 *(.gnu.linkonce.wi.*)

.debug_abbrev   0x00000000     0x121d
 *(.debug_abbrev)
 .debug_abbrev  0x00000000       0x5d c:/winavr-20100110/bin/../lib/gcc/avr/4.3.3/avr5\libgcc.a(_fixunssfsi.o)
 .debug_abbrev  0x0000005d      0x1ea c:/winavr-20100110/bin/../lib/gcc/avr/4.3.3/avr5\libgcc.a(_addsub_sf.o)
 .debug_abbrev  0x00000247      0x21b c:/winavr-20100110/bin/../lib/gcc/avr/4.3.3/avr5\libgcc.a(_mul_sf.o)
 .debug_abbrev  0x00000462      0x216 c:/winavr-20100110/bin/../lib/gcc/avr/4.3.3/avr5\libgcc.a(_div_sf.o)
 .debug_abbrev  0x00000678      0x15a c:/winavr-20100110/bin/../lib/gcc/avr/4.3.3/avr5\libgcc.a(_ge_sf.o)
 .debug_abbrev  0x000007d2      0x15a c:/winavr-20100110/bin/../lib/gcc/avr/4.3.3/avr5\libgcc.a(_le_sf.o)
 .debug_abbrev  0x0000092c      0x148 c:/winavr-20100110/bin/../lib/gcc/avr/4.3.3/avr5\libgcc.a(_si_to_sf.o)
 .debug_abbrev  0x00000a74      0x17f c:/winavr-20100110/bin/../lib/gcc/avr/4.3.3/avr5\libgcc.a(_sf_to_si.o)
 .debug_abbrev  0x00000bf3       0xad c:/winavr-20100110/bin/../lib/gcc/avr/4.3.3/avr5\libgcc.a(_thenan_sf.o)
 .debug_abbrev  0x00000ca0       0xc4 c:/winavr-20100110/bin/../lib/gcc/avr/4.3.3/avr5\libgcc.a(_clzsi2.o)
 .debug_abbrev  0x00000d64      0x1c0 c:/winavr-20100110/bin/../lib/gcc/avr/4.3.3/avr5\libgcc.a(_pack_sf.o)
 .debug_abbrev  0x00000f24      0x154 c:/winavr-20100110/bin/../lib/gcc/avr/4.3.3/avr5\libgcc.a(_unpack_sf.o)
 .debug_abbrev  0x00001078      0x13b c:/winavr-20100110/bin/../lib/gcc/avr/4.3.3/avr5\libgcc.a(_fpcmp_parts_sf.o)
 .debug_abbrev  0x000011b3       0x6a c:/winavr-20100110/bin/../lib/gcc/avr/4.3.3/avr5\libgcc.a(_clz.o)

.debug_line     0x00000000     0x1105
 *(.debug_line)
 .debug_line    0x00000000       0xa7 c:/winavr-20100110/bin/../lib/gcc/avr/4.3.3/avr5\libgcc.a(_fixunssfsi.o)
 .debug_line    0x000000a7      0x2af c:/winavr-20100110/bin/../lib/gcc/avr/4.3.3/avr5\libgcc.a(_addsub_sf.o)
 .debug_line    0x00000356      0x239 c:/winavr-20100110/bin/../lib/gcc/avr/4.3.3/avr5\libgcc.a(_mul_sf.o)
 .debug_line    0x0000058f      0x1d5 c:/winavr-20100110/bin/../lib/gcc/avr/4.3.3/avr5\libgcc.a(_div_sf.o)
 .debug_line    0x00000764       0xd3 c:/winavr-20100110/bin/../lib/gcc/avr/4.3.3/avr5\libgcc.a(_ge_sf.o)
 .debug_line    0x00000837       0xd3 c:/winavr-20100110/bin/../lib/gcc/avr/4.3.3/avr5\libgcc.a(_le_sf.o)
 .debug_line    0x0000090a      0x135 c:/winavr-20100110/bin/../lib/gcc/avr/4.3.3/avr5\libgcc.a(_si_to_sf.o)
 .debug_line    0x00000a3f      0x109 c:/winavr-20100110/bin/../lib/gcc/avr/4.3.3/avr5\libgcc.a(_sf_to_si.o)
 .debug_line    0x00000b48       0x90 c:/winavr-20100110/bin/../lib/gcc/avr/4.3.3/avr5\libgcc.a(_thenan_sf.o)
 .debug_line    0x00000bd8       0xa5 c:/winavr-20100110/bin/../lib/gcc/avr/4.3.3/avr5\libgcc.a(_clzsi2.o)
 .debug_line    0x00000c7d      0x18a c:/winavr-20100110/bin/../lib/gcc/avr/4.3.3/avr5\libgcc.a(_pack_sf.o)
 .debug_line    0x00000e07      0x14b c:/winavr-20100110/bin/../lib/gcc/avr/4.3.3/avr5\libgcc.a(_unpack_sf.o)
 .debug_line    0x00000f52      0x137 c:/winavr-20100110/bin/../lib/gcc/avr/4.3.3/avr5\libgcc.a(_fpcmp_parts_sf.o)
 .debug_line    0x00001089       0x7c c:/winavr-20100110/bin/../lib/gcc/avr/4.3.3/avr5\libgcc.a(_clz.o)

.debug_frame    0x00000000      0x1a0
 *(.debug_frame)
 .debug_frame   0x00000000       0x20 c:/winavr-20100110/bin/../lib/gcc/avr/4.3.3/avr5\libgcc.a(_fixunssfsi.o)
 .debug_frame   0x00000020       0x40 c:/winavr-20100110/bin/../lib/gcc/avr/4.3.3/avr5\libgcc.a(_addsub_sf.o)
 .debug_frame   0x00000060       0x20 c:/winavr-20100110/bin/../lib/gcc/avr/4.3.3/avr5\libgcc.a(_mul_sf.o)
 .debug_frame   0x00000080       0x20 c:/winavr-20100110/bin/../lib/gcc/avr/4.3.3/avr5\libgcc.a(_div_sf.o)
 .debug_frame   0x000000a0       0x20 c:/winavr-20100110/bin/../lib/gcc/avr/4.3.3/avr5\libgcc.a(_ge_sf.o)
 .debug_frame   0x000000c0       0x20 c:/winavr-20100110/bin/../lib/gcc/avr/4.3.3/avr5\libgcc.a(_le_sf.o)
 .debug_frame   0x000000e0       0x20 c:/winavr-20100110/bin/../lib/gcc/avr/4.3.3/avr5\libgcc.a(_si_to_sf.o)
 .debug_frame   0x00000100       0x20 c:/winavr-20100110/bin/../lib/gcc/avr/4.3.3/avr5\libgcc.a(_sf_to_si.o)
 .debug_frame   0x00000120       0x20 c:/winavr-20100110/bin/../lib/gcc/avr/4.3.3/avr5\libgcc.a(_clzsi2.o)
 .debug_frame   0x00000140       0x20 c:/winavr-20100110/bin/../lib/gcc/avr/4.3.3/avr5\libgcc.a(_pack_sf.o)
 .debug_frame   0x00000160       0x20 c:/winavr-20100110/bin/../lib/gcc/avr/4.3.3/avr5\libgcc.a(_unpack_sf.o)
 .debug_frame   0x00000180       0x20 c:/winavr-20100110/bin/../lib/gcc/avr/4.3.3/avr5\libgcc.a(_fpcmp_parts_sf.o)

.debug_str      0x00000000      0x2eb
 *(.debug_str)
 .debug_str     0x00000000       0xbf c:/winavr-20100110/bin/../lib/gcc/avr/4.3.3/avr5\libgcc.a(_fixunssfsi.o)
                                 0xfe (size before relaxing)
 .debug_str     0x000000bf      0x14d c:/winavr-20100110/bin/../lib/gcc/avr/4.3.3/avr5\libgcc.a(_addsub_sf.o)
                                0x206 (size before relaxing)
 .debug_str     0x0000020c       0x27 c:/winavr-20100110/bin/../lib/gcc/avr/4.3.3/avr5\libgcc.a(_mul_sf.o)
                                0x1bf (size before relaxing)
 .debug_str     0x00000233       0x35 c:/winavr-20100110/bin/../lib/gcc/avr/4.3.3/avr5\libgcc.a(_div_sf.o)
                                0x1c8 (size before relaxing)
 .debug_str     0x00000268        0x8 c:/winavr-20100110/bin/../lib/gcc/avr/4.3.3/avr5\libgcc.a(_ge_sf.o)
                                0x195 (size before relaxing)
 .debug_str     0x00000270        0x8 c:/winavr-20100110/bin/../lib/gcc/avr/4.3.3/avr5\libgcc.a(_le_sf.o)
                                0x195 (size before relaxing)
 .debug_str     0x00000278       0x1e c:/winavr-20100110/bin/../lib/gcc/avr/4.3.3/avr5\libgcc.a(_si_to_sf.o)
                                0x17b (size before relaxing)
 .debug_str     0x00000296        0xa c:/winavr-20100110/bin/../lib/gcc/avr/4.3.3/avr5\libgcc.a(_sf_to_si.o)
                                0x19e (size before relaxing)
 .debug_str     0x00000000      0x103 c:/winavr-20100110/bin/../lib/gcc/avr/4.3.3/avr5\libgcc.a(_thenan_sf.o)
 .debug_str     0x000002a0       0x20 c:/winavr-20100110/bin/../lib/gcc/avr/4.3.3/avr5\libgcc.a(_clzsi2.o)
                                0x111 (size before relaxing)
 .debug_str     0x000002c0       0x10 c:/winavr-20100110/bin/../lib/gcc/avr/4.3.3/avr5\libgcc.a(_pack_sf.o)
                                0x19d (size before relaxing)
 .debug_str     0x000002d0        0xb c:/winavr-20100110/bin/../lib/gcc/avr/4.3.3/avr5\libgcc.a(_unpack_sf.o)
                                0x17f (size before relaxing)
 .debug_str     0x000002db       0x10 c:/winavr-20100110/bin/../lib/gcc/avr/4.3.3/avr5\libgcc.a(_fpcmp_parts_sf.o)
                                0x163 (size before relaxing)
 .debug_str     0x00000000       0xf4 c:/winavr-20100110/bin/../lib/gcc/avr/4.3.3/avr5\libgcc.a(_clz.o)

.debug_loc      0x00000000      0x992
 *(.debug_loc)
 .debug_loc     0x00000000       0x34 c:/winavr-20100110/bin/../lib/gcc/avr/4.3.3/avr5\libgcc.a(_fixunssfsi.o)
 .debug_loc     0x00000034      0x32a c:/winavr-20100110/bin/../lib/gcc/avr/4.3.3/avr5\libgcc.a(_addsub_sf.o)
 .debug_loc     0x0000035e      0x104 c:/winavr-20100110/bin/../lib/gcc/avr/4.3.3/avr5\libgcc.a(_mul_sf.o)
 .debug_loc     0x00000462       0xc0 c:/winavr-20100110/bin/../lib/gcc/avr/4.3.3/avr5\libgcc.a(_div_sf.o)
 .debug_loc     0x00000522       0x3c c:/winavr-20100110/bin/../lib/gcc/avr/4.3.3/avr5\libgcc.a(_ge_sf.o)
 .debug_loc     0x0000055e       0x3c c:/winavr-20100110/bin/../lib/gcc/avr/4.3.3/avr5\libgcc.a(_le_sf.o)
 .debug_loc     0x0000059a       0xac c:/winavr-20100110/bin/../lib/gcc/avr/4.3.3/avr5\libgcc.a(_si_to_sf.o)
 .debug_loc     0x00000646       0x7e c:/winavr-20100110/bin/../lib/gcc/avr/4.3.3/avr5\libgcc.a(_sf_to_si.o)
 .debug_loc     0x000006c4       0x94 c:/winavr-20100110/bin/../lib/gcc/avr/4.3.3/avr5\libgcc.a(_clzsi2.o)
 .debug_loc     0x00000758      0x13e c:/winavr-20100110/bin/../lib/gcc/avr/4.3.3/avr5\libgcc.a(_pack_sf.o)
 .debug_loc     0x00000896       0xac c:/winavr-20100110/bin/../lib/gcc/avr/4.3.3/avr5\libgcc.a(_unpack_sf.o)
 .debug_loc     0x00000942       0x50 c:/winavr-20100110/bin/../lib/gcc/avr/4.3.3/avr5\libgcc.a(_fpcmp_parts_sf.o)

.debug_macinfo
 *(.debug_macinfo)
OUTPUT(Project.elf elf32-avr)
LOAD linker stubs

.debug_ranges   0x00000000       0x50
 .debug_ranges  0x00000000       0x50 c:/winavr-20100110/bin/../lib/gcc/avr/4.3.3/avr5\libgcc.a(_mul_sf.o)
